############## LCD EXAMPLE FILES ##########################
# Alphabetic path sorted
# Verify largest player and largest mtp builds
SdkBuildAll_3500\Largest_Build\hostrsc.bin
SdkBuildAll_3500\Largest_Build\hostlink.sb
SdkBuildAll_3500\Largest_Build\resource.bin
SdkBuildAll_3500\Largest_Build\stmpsys.sb
# LCDExample NAND + color lcd + jpeg + smv
SdkBuildAll_3500\LcdExample_MSCN_NAND1_CLCD_JPEG_SMV\bootmanager.sb
SdkBuildAll_3500\LcdExample_MSCN_NAND1_CLCD_JPEG_SMV\hostlink.sb
SdkBuildAll_3500\LcdExample_MSCN_NAND1_CLCD_JPEG_SMV\stmpsys.sb
SdkBuildAll_3500\LcdExample_MSCN_NAND1_CLCD_JPEG_SMV\updater.sb
SdkBuildAll_3500\LcdExample_MSCN_NAND1_CLCD_JPEG_SMV\hostrsc.bin
SdkBuildAll_3500\LcdExample_MSCN_NAND1_CLCD_JPEG_SMV\resource.bin
# LCDExample NAND + DRM
SdkBuildAll_3500\LcdExample_MSCN_NAND1_DRM\bootmanager.sb
SdkBuildAll_3500\LcdExample_MSCN_NAND1_DRM\hostlink.sb
SdkBuildAll_3500\LcdExample_MSCN_NAND1_DRM\stmpsys.sb
SdkBuildAll_3500\LcdExample_MSCN_NAND1_DRM\updater.sb
SdkBuildAll_3500\LcdExample_MSCN_NAND1_DRM\hostrsc.bin
SdkBuildAll_3500\LcdExample_MSCN_NAND1_DRM\resource.bin
# LCDExample NAND + drm + color lcd + jpeg + smv
SdkBuildAll_3500\LcdExample_MSCN_NAND1_DRM_CLCD_JPEG_SMV\bootmanager.sb
SdkBuildAll_3500\LcdExample_MSCN_NAND1_DRM_CLCD_JPEG_SMV\hostlink.sb
SdkBuildAll_3500\LcdExample_MSCN_NAND1_DRM_CLCD_JPEG_SMV\stmpsys.sb
SdkBuildAll_3500\LcdExample_MSCN_NAND1_DRM_CLCD_JPEG_SMV\updater.sb
SdkBuildAll_3500\LcdExample_MSCN_NAND1_DRM_CLCD_JPEG_SMV\hostrsc.bin
SdkBuildAll_3500\LcdExample_MSCN_NAND1_DRM_CLCD_JPEG_SMV\resource.bin
# LCDExample NAND + drm + lyric
SdkBuildAll_3500\LcdExample_MSCN_NAND1_DRM_LYRIC\bootmanager.sb
SdkBuildAll_3500\LcdExample_MSCN_NAND1_DRM_LYRIC\hostlink.sb
SdkBuildAll_3500\LcdExample_MSCN_NAND1_DRM_LYRIC\stmpsys.sb
SdkBuildAll_3500\LcdExample_MSCN_NAND1_DRM_LYRIC\updater.sb
SdkBuildAll_3500\LcdExample_MSCN_NAND1_DRM_LYRIC\hostrsc.bin
SdkBuildAll_3500\LcdExample_MSCN_NAND1_DRM_LYRIC\resource.bin
# LCDExample NAND + drm + 16 bit color lcd + lyric + jpeg + smv + album art
SdkBuildAll_3500\LcdExample_MSCN_NAND1_DRM_LYRIC_16BIT_CLCD_JPEG_SMV_ALBUMART\bootmanager.sb
SdkBuildAll_3500\LcdExample_MSCN_NAND1_DRM_LYRIC_16BIT_CLCD_JPEG_SMV_ALBUMART\hostlink.sb
SdkBuildAll_3500\LcdExample_MSCN_NAND1_DRM_LYRIC_16BIT_CLCD_JPEG_SMV_ALBUMART\stmpsys.sb
SdkBuildAll_3500\LcdExample_MSCN_NAND1_DRM_LYRIC_16BIT_CLCD_JPEG_SMV_ALBUMART\updater.sb
SdkBuildAll_3500\LcdExample_MSCN_NAND1_DRM_LYRIC_16BIT_CLCD_JPEG_SMV_ALBUMART\hostrsc.bin
SdkBuildAll_3500\LcdExample_MSCN_NAND1_DRM_LYRIC_16BIT_CLCD_JPEG_SMV_ALBUMART\resource.bin
# LCDExample NAND + drm + color lcd + lyric + jpeg + smv + album art
SdkBuildAll_3500\LcdExample_MSCN_NAND1_DRM_LYRIC_CLCD_JPEG_SMV_ALBUMART\bootmanager.sb
SdkBuildAll_3500\LcdExample_MSCN_NAND1_DRM_LYRIC_CLCD_JPEG_SMV_ALBUMART\hostlink.sb
SdkBuildAll_3500\LcdExample_MSCN_NAND1_DRM_LYRIC_CLCD_JPEG_SMV_ALBUMART\stmpsys.sb
SdkBuildAll_3500\LcdExample_MSCN_NAND1_DRM_LYRIC_CLCD_JPEG_SMV_ALBUMART\updater.sb
SdkBuildAll_3500\LcdExample_MSCN_NAND1_DRM_LYRIC_CLCD_JPEG_SMV_ALBUMART\hostrsc.bin
SdkBuildAll_3500\LcdExample_MSCN_NAND1_DRM_LYRIC_CLCD_JPEG_SMV_ALBUMART\resource.bin
# LCDExample NAND + lyric
SdkBuildAll_3500\LcdExample_MSCN_NAND1_LYRIC\bootmanager.sb
SdkBuildAll_3500\LcdExample_MSCN_NAND1_LYRIC\hostlink.sb
SdkBuildAll_3500\LcdExample_MSCN_NAND1_LYRIC\stmpsys.sb
SdkBuildAll_3500\LcdExample_MSCN_NAND1_LYRIC\updater.sb
SdkBuildAll_3500\LcdExample_MSCN_NAND1_LYRIC\hostrsc.bin
SdkBuildAll_3500\LcdExample_MSCN_NAND1_LYRIC\resource.bin
# LCDExample NAND + drm + 16 bit color lcd + lyric + jpeg + smv + album art
SdkBuildAll_3500\LcdExample_MSCN_NAND1_LYRIC_16BIT_CLCD_JPEG_SMV_ALBUMART\bootmanager.sb
SdkBuildAll_3500\LcdExample_MSCN_NAND1_LYRIC_16BIT_CLCD_JPEG_SMV_ALBUMART\hostlink.sb
SdkBuildAll_3500\LcdExample_MSCN_NAND1_LYRIC_16BIT_CLCD_JPEG_SMV_ALBUMART\stmpsys.sb
SdkBuildAll_3500\LcdExample_MSCN_NAND1_LYRIC_16BIT_CLCD_JPEG_SMV_ALBUMART\updater.sb
SdkBuildAll_3500\LcdExample_MSCN_NAND1_LYRIC_16BIT_CLCD_JPEG_SMV_ALBUMART\hostrsc.bin
SdkBuildAll_3500\LcdExample_MSCN_NAND1_LYRIC_16BIT_CLCD_JPEG_SMV_ALBUMART\resource.bin
# LCDExample NAND + drm + color lcd + lyric + jpeg + smv + album art
SdkBuildAll_3500\LcdExample_MSCN_NAND1_LYRIC_CLCD_JPEG_SMV_ALBUMART\bootmanager.sb
SdkBuildAll_3500\LcdExample_MSCN_NAND1_LYRIC_CLCD_JPEG_SMV_ALBUMART\hostlink.sb
SdkBuildAll_3500\LcdExample_MSCN_NAND1_LYRIC_CLCD_JPEG_SMV_ALBUMART\stmpsys.sb
SdkBuildAll_3500\LcdExample_MSCN_NAND1_LYRIC_CLCD_JPEG_SMV_ALBUMART\updater.sb
SdkBuildAll_3500\LcdExample_MSCN_NAND1_LYRIC_CLCD_JPEG_SMV_ALBUMART\hostrsc.bin
SdkBuildAll_3500\LcdExample_MSCN_NAND1_LYRIC_CLCD_JPEG_SMV_ALBUMART\resource.bin
############## LED EXAMPLE FILES ##########################
# LEDExample NAND Only
#SdkBuildAll_3500\LedExample_MSCN_NAND1\hostrsc.bin
#SdkBuildAll_3500\LedExample_MSCN_NAND1\hostlink.sb
#SdkBuildAll_3500\LedExample_MSCN_NAND1\resource.bin
#SdkBuildAll_3500\LedExample_MSCN_NAND1_\stmpsys.sb
#SdkBuildAll_3500\LedExample_MSCN_NAND1\updater.sb
#SdkBuildAll_3500\LedExample_MSCN_NAND1\bootmanager.sb
# LEDExample NAND Only with DRM
#SdkBuildAll_3500\LedExample_MSCN_NAND1_DRM\hostrsc.bin
#SdkBuildAll_3500\LedExample_MSCN_NAND1_DRM\hostlink.sb
#SdkBuildAll_3500\LedExample_MSCN_NAND1_DRM\resource.bin
#SdkBuildAll_3500\LedExample_MSCN_NAND1_DRM\stmpsys.sb
#SdkBuildAll_3500\LedExample_MSCN_NAND1_DRM\updater.sb
#SdkBuildAll_3500\LedExample_MSCN_NAND1_DRM\bootmanager.sb
# LEDExample NAND + MMC
#SdkBuildAll_3500\LedExample_MSCNMMC_NAND1\hostrsc.bin
#SdkBuildAll_3500\LedExample_MSCNMMC_NAND1\hostlink.sb
#SdkBuildAll_3500\LedExample_MSCNMMC_NAND1\resource.bin
#SdkBuildAll_3500\LedExample_MSCNMMC_NAND1\stmpsys.sb
#SdkBuildAll_3500\LedExample_MSCNMMC_NAND1\updater.sb
#SdkBuildAll_3500\LedExample_MSCNMMC_NAND1\bootmanager.sb
# LEDExample NAND + MMC with DRM
#SdkBuildAll_3500\LedExample_MSCNMMC_NAND1_DRM\hostrsc.bin
#SdkBuildAll_3500\LedExample_MSCNMMC_NAND1_DRM\hostlink.sb
#SdkBuildAll_3500\LedExample_MSCNMMC_NAND1_DRM\resource.bin
#SdkBuildAll_3500\LedExample_MSCNMMC_NAND1_DRM\stmpsys.sb
#SdkBuildAll_3500\LedExample_MSCNMMC_NAND1_DRM\updater.sb
#SdkBuildAll_3500\LedExample_MSCNMMC_NAND1_DRM\bootmanager.sb
#
############## BOOTMANAGER ################################
SdkBuildAll_3500\bootmanager\bootmanager.sb
# EEPROM image: eeprom bootmanager build allows rom a5 and a4 to load app from LB flash
SdkBuildAll_3500\bootmanager\bootmanager.se
#
####### TESTS all go in their own txt file now. ###########
####### no blank lines allowed ############################
